<?xml version="1.0" encoding="UTF-8"?>
<Flow xmlns="http://soap.sforce.com/2006/04/metadata">
  <label>Multiple Elements Test</label>
  <processType>AutoLaunchedFlow</processType>
  <start>
    <locationX>50</locationX>
    <locationY>0</locationY>
    <connector>
      <targetReference>Assignment1</targetReference>
    </connector>
    <filterLogic>and</filterLogic>
    <filters>
      <field>Name</field>
      <operator>IsNull</operator>
      <value>
        <booleanValue>true</booleanValue>
      </value>
    </filters>
    <filters>
      <field>Type</field>
      <operator>EqualTo</operator>
      <value>
        <stringValue>Prospect</stringValue>
      </value>
    </filters>
    <scheduledPaths>
      <label>Daily</label>
      <offsetNumber>1</offsetNumber>
      <offsetUnit>Days</offsetUnit>
    </scheduledPaths>
    <scheduledPaths>
      <label>Weekly</label>
      <offsetNumber>7</offsetNumber>
      <offsetUnit>Days</offsetUnit>
    </scheduledPaths>
    <capabilityTypes>
      <capabilityName>Chatter</capabilityName>
    </capabilityTypes>
    <capabilityTypes>
      <capabilityName>Lightning</capabilityName>
    </capabilityTypes>
  </start>
  <assignments>
    <name>Assignment1</name>
    <label>Assignment1</label>
    <locationX>200</locationX>
    <locationY>0</locationY>
    <assignmentItems>
      <assignToReference>$Record</assignToReference>
      <field>Description</field>
      <value>
        <stringValue>Updated</stringValue>
      </value>
    </assignmentItems>
    <connector>
      <targetReference>END</targetReference>
    </connector>
  </assignments>
</Flow>
