<?xml version="1.0" encoding="UTF-8"?>
<Flow xmlns="http://soap.sforce.com/2006/04/metadata">
    <apiVersion>64.0</apiVersion>
    <environments>Default</environments>
    <interviewLabel>multiple_async_paths {!$Flow.CurrentDateTime}</interviewLabel>
    <label>multiple_async_paths</label>
    <processMetadataValues>
        <name>BuilderType</name>
        <value>
            <stringValue>LightningFlowBuilder</stringValue>
        </value>
    </processMetadataValues>
    <processMetadataValues>
        <name>CanvasMode</name>
        <value>
            <stringValue>AUTO_LAYOUT_CANVAS</stringValue>
        </value>
    </processMetadataValues>
    <processMetadataValues>
        <name>OriginBuilderType</name>
        <value>
            <stringValue>LightningFlowBuilder</stringValue>
        </value>
    </processMetadataValues>
    <processType>AutoLaunchedFlow</processType>
    <recordUpdates>
        <name>async_update_1</name>
        <label>async update 1</label>
        <locationX>0</locationX>
        <locationY>0</locationY>
        <inputAssignments>
            <field>NumberOfEmployees</field>
            <value>
                <numberValue>100.0</numberValue>
            </value>
        </inputAssignments>
        <inputReference>$Record</inputReference>
    </recordUpdates>
    <recordUpdates>
        <name>async_update_2</name>
        <label>async update 2</label>
        <locationX>0</locationX>
        <locationY>0</locationY>
        <inputAssignments>
            <field>Industry</field>
            <value>
                <stringValue>Technology</stringValue>
            </value>
        </inputAssignments>
        <inputReference>$Record</inputReference>
    </recordUpdates>
    <recordUpdates>
        <name>main_update</name>
        <label>main update</label>
        <locationX>0</locationX>
        <locationY>0</locationY>
        <inputAssignments>
            <field>Type</field>
            <value>
                <stringValue>Prospect</stringValue>
            </value>
        </inputAssignments>
        <inputReference>$Record</inputReference>
    </recordUpdates>
    <start>
        <locationX>0</locationX>
        <locationY>0</locationY>
        <connector>
            <targetReference>main_update</targetReference>
        </connector>
        <filterLogic>and</filterLogic>
        <filters>
            <field>Description</field>
            <operator>IsNull</operator>
            <value>
                <booleanValue>false</booleanValue>
            </value>
        </filters>
        <object>Account</object>
        <recordTriggerType>Create</recordTriggerType>
        <scheduledPaths>
            <connector>
                <targetReference>async_update_1</targetReference>
            </connector>
            <pathType>AsyncAfterCommit</pathType>
        </scheduledPaths>
        <scheduledPaths>
            <connector>
                <targetReference>async_update_2</targetReference>
            </connector>
            <pathType>AsyncAfterCommit</pathType>
        </scheduledPaths>
        <triggerType>RecordAfterSave</triggerType>
    </start>
    <status>Active</status>
</Flow>
