<?xml version="1.0" encoding="UTF-8"?>
<Flow xmlns="http://soap.sforce.com/2006/04/metadata">
  <apiVersion>64.0</apiVersion>
  <environments>Default</environments>
  <interviewLabel
  >non_async_scheduled_path {!$Flow.CurrentDateTime}</interviewLabel>
  <label>non_async_scheduled_path</label>
  <processMetadataValues>
    <name>BuilderType</name>
    <value>
      <stringValue>LightningFlowBuilder</stringValue>
    </value>
  </processMetadataValues>
  <processMetadataValues>
    <name>CanvasMode</name>
    <value>
      <stringValue>AUTO_LAYOUT_CANVAS</stringValue>
    </value>
  </processMetadataValues>
  <processMetadataValues>
    <name>OriginBuilderType</name>
    <value>
      <stringValue>LightningFlowBuilder</stringValue>
    </value>
  </processMetadataValues>
  <processType>AutoLaunchedFlow</processType>
  <recordUpdates>
    <name>scheduled_update</name>
    <label>scheduled update</label>
    <locationX>0</locationX>
    <locationY>0</locationY>
    <inputAssignments>
      <field>Type</field>
      <value>
        <stringValue>Prospect</stringValue>
      </value>
    </inputAssignments>
    <inputReference>$Record</inputReference>
  </recordUpdates>
  <recordUpdates>
    <name>main_update</name>
    <label>main update</label>
    <locationX>0</locationX>
    <locationY>0</locationY>
    <inputAssignments>
      <field>Status</field>
      <value>
        <stringValue>Active</stringValue>
      </value>
    </inputAssignments>
    <inputReference>$Record</inputReference>
  </recordUpdates>
  <start>
    <locationX>0</locationX>
    <locationY>0</locationY>
    <connector>
      <targetReference>main_update</targetReference>
    </connector>
    <filterLogic>and</filterLogic>
    <filters>
      <field>Description</field>
      <operator>IsNull</operator>
      <value>
        <booleanValue>false</booleanValue>
      </value>
    </filters>
    <object>Account</object>
    <recordTriggerType>Create</recordTriggerType>
    <scheduledPaths>
      <connector>
        <targetReference>scheduled_update</targetReference>
      </connector>
      <pathType>RecordField</pathType>
    </scheduledPaths>
    <triggerType>RecordAfterSave</triggerType>
  </start>
  <status>Active</status>
</Flow>
