<?xml version="1.0" encoding="UTF-8"?>
<!--
 Copyright 2024 Google LLC

 Licensed under the Apache License, Version 2.0 (the "License");
 you may not use this file except in compliance with the License.
 You may obtain a copy of the License at

     http://www.apache.org/licenses/LICENSE-2.0

 Unless required by applicable law or agreed to in writing, software
 distributed under the License is distributed on an "AS IS" BASIS,
 WITHOUT WARRANTIES OR CONDITIONS OF ANY KIND, either express or implied.
 See the License for the specific language governing permissions and
 limitations under the License.
-->

<Flow xmlns="http://soap.sforce.com/2006/04/metadata">
  <start>
    <locationX>0</locationX>
    <locationY>0</locationY>
    <connector>
      <targetReference>END</targetReference>
    </connector>
  </start>
  <apexPluginCalls>
    <name>myApexPluginCall</name>
  </apexPluginCalls>
  <assignments>
    <name>myAssignment</name>
  </assignments>
  <collectionProcessors>
    <name>myCollectionProcessor</name>
  </collectionProcessors>
  <decisions>
    <name>myDecision</name>
  </decisions>
  <loops>
    <name>myLoop</name>
  </loops>
  <orchestratedStages>
    <name>myOrchestratedStage</name>
  </orchestratedStages>
  <recordCreates>
    <name>myRecordCreate</name>
  </recordCreates>
  <recordDeletes>
    <name>myRecordDelete</name>
  </recordDeletes>
  <recordLookups>
    <name>myRecordLookup</name>
  </recordLookups>
  <recordRollbacks>
    <name>myRecordRollback</name>
  </recordRollbacks>
  <recordUpdates>
    <name>myRecordUpdate</name>
  </recordUpdates>
  <screens>
    <name>myScreen</name>
  </screens>
  <steps>
    <name>myStep</name>
  </steps>
  <subflows>
    <name>mySubflow</name>
  </subflows>
  <transforms>
    <name>myTransform</name>
  </transforms>
  <waits>
    <name>myWait</name>
  </waits>
  <actionCalls>
    <name>myActionCall</name>
  </actionCalls>
</Flow>