<?xml version="1.0" encoding="UTF-8"?>
<Flow xmlns="http://soap.sforce.com/2006/04/metadata">
  <start>
    <locationX>0</locationX>
    <locationY>0</locationY>
    <connector>
      <targetReference>Non_Existing_Element</targetReference>
    </connector>
  </start>
</Flow>